PASS kantan has a real pricing destination and quota path
PASS banner has a real pricing destination and quota path
PASS logo has a real pricing destination and quota path
PASS seo has a real pricing destination and quota path
PASS interview has a real pricing destination and quota path
PASS shindan has a real pricing destination and quota path
PASS persona has a real pricing destination and quota path
PASS lp has a real pricing destination and quota path
PASS video has a real pricing destination and quota path
PASS tenkai has a real pricing destination and quota path
PASS copy has a real pricing destination and quota path
PASS opening has a real pricing destination and quota path
PASS voice has a real pricing destination and quota path
PASS presentation has a real pricing destination and quota path
PASS interviewx has a real pricing destination and quota path
PASS movie has a real pricing destination and quota path
PASS adsim has a real pricing destination and quota path
PASS hr has a real pricing destination and quota path
PASS kintai has a real pricing destination and quota path
PASS doyalist has a real pricing destination and quota path
PASS doyaslide has a real pricing destination and quota path
PASS cunning has a real pricing destination and quota path
PASS promane has a real pricing destination and quota path
PASS sfa has a real pricing destination and quota path
PASS shodan has a real pricing destination and quota path
PASS aio has a real pricing destination and quota path
PASS adbanner has a real pricing destination and quota path
PASS mensetsu has a real pricing destination and quota path
PASS quote has a real pricing destination and quota path
PASS aishodan has a real pricing destination and quota path
PASS adimage has a real pricing destination and quota path
PASS cunning actual quota wording: ナレッジベースは3個までです。プロにアッ
PASS doyalist actual quota wording: 現在のプランでは企業生成を利用できません
PASS interview actual quota wording: ゲストユーザーは合計5分までの文字起こし
PASS seo actual quota wording: 無料プランでは3000字までの記事を作成
PASS tenkai actual quota wording: APIアクセスはPro以上のプランで利用
PASS tenkai actual quota wording: 現在のプランでは最大3プラットフォームま
PASS voice actual quota wording: クラウド録音は上位プランが必要です
PASS voice actual quota wording: このスピーカーは上位プラン限定です
PASS banner actual quota wording: 今月の生成上限に達しました。
PASS persona actual quota wording: 本日の生成上限（3回）に達しました
PASS seo actual quota wording: ゲストは1回まで作成できます。ログインす
PASS seo actual quota wording: 今月の生成回数の上限に達しました（3回/
PASS adimage actual quota wording: プロプランは月150枚までです（今月15
PASS adimage actual quota wording: 無料プランは1日5枚までです（本日5枚）
PASS hr actual quota wording: AI機能の月間利用回数（50回）に達して
PASS doyalist actual quota wording: 現在のプランではプロジェクトを作成できま
PASS doyalist actual quota wording: 月間上限（100社）を超えます。残り5社
PASS cunning actual quota wording: 今月の利用時間の上限（30分）に達しまし
PASS doyaslide actual quota wording: 今月の生成枚数の上限（10枚）に達しまし
PASS quote actual quota wording: 無料プランでご利用いただける上限（3件）
PASS mensetsu actual quota wording: 今月の上限（30件）に達しました。来月1
PASS movie actual quota wording: 利用上限に達しました
PASS kintai actual quota wording: 従業員数が上限（10名）に達しています。
PASS shodan actual quota wording: 提案資料の生成はプロプランの機能です。プ
PASS interview actual quota wording: 今月の作成上限に達しました。
PASS billing-independent workspace cap offers cleanup
PASS AIO organization quota sends members to the owner
PASS Promane workspace quota sends invited members to the owner
PASS Quote, Mensetsu and Aishodan organization quotas send members to the owner
PASS public participant is directed to contract owner
PASS HR organization allowance directs owner to organization billing and member to owner
PASS SFA organization allowance directs members to owner and owner to plan
PASS Shodan organization members cannot buy an ineffective personal upgrade
PASS server quota action wins over LIGHT tier guesses without exposing arbitrary URLs
PASS Kintai employee cap directs non-contract admins to the owner
PASS Cunning pricing period agrees with the server monthly quota
PASS non-billing error stays non-billing: リクエストが多すぎます。しばら
PASS non-billing error stays non-billing: 現在の解析が完了してから、もう
PASS non-billing error stays non-billing: 接続の試行回数が上限に達しまし
PASS non-billing error stays non-billing: ファイルサイズが上限 (500
PASS non-billing error stays non-billing: アクセス権限がありません
PASS non-billing error stays non-billing: 今月の上限に達しました
PASS non-billing error stays non-billing: このサービスは提供を終了しまし
PASS non-billing error stays non-billing: APIの使用量制限に達しました
PASS provider safety ceilings do not show a paid upgrade
PASS interview upload quota keeps its own actionable error UI
PASS external APIs and successful JSON do not produce prompts; response bodies remain readable
PASS Request input and malformed/non-JSON errors retain original behavior
{
  "passed": 79,
  "results": [
    "kantan has a real pricing destination and quota path",
    "banner has a real pricing destination and quota path",
    "logo has a real pricing destination and quota path",
    "seo has a real pricing destination and quota path",
    "interview has a real pricing destination and quota path",
    "shindan has a real pricing destination and quota path",
    "persona has a real pricing destination and quota path",
    "lp has a real pricing destination and quota path",
    "video has a real pricing destination and quota path",
    "tenkai has a real pricing destination and quota path",
    "copy has a real pricing destination and quota path",
    "opening has a real pricing destination and quota path",
    "voice has a real pricing destination and quota path",
    "presentation has a real pricing destination and quota path",
    "interviewx has a real pricing destination and quota path",
    "movie has a real pricing destination and quota path",
    "adsim has a real pricing destination and quota path",
    "hr has a real pricing destination and quota path",
    "kintai has a real pricing destination and quota path",
    "doyalist has a real pricing destination and quota path",
    "doyaslide has a real pricing destination and quota path",
    "cunning has a real pricing destination and quota path",
    "promane has a real pricing destination and quota path",
    "sfa has a real pricing destination and quota path",
    "shodan has a real pricing destination and quota path",
    "aio has a real pricing destination and quota path",
    "adbanner has a real pricing destination and quota path",
    "mensetsu has a real pricing destination and quota path",
    "quote has a real pricing destination and quota path",
    "aishodan has a real pricing destination and quota path",
    "adimage has a real pricing destination and quota path",
    "cunning actual quota wording: ナレッジベースは3個までです。プロにアッ",
    "doyalist actual quota wording: 現在のプランでは企業生成を利用できません",
    "interview actual quota wording: ゲストユーザーは合計5分までの文字起こし",
    "seo actual quota wording: 無料プランでは3000字までの記事を作成",
    "tenkai actual quota wording: APIアクセスはPro以上のプランで利用",
    "tenkai actual quota wording: 現在のプランでは最大3プラットフォームま",
    "voice actual quota wording: クラウド録音は上位プランが必要です",
    "voice actual quota wording: このスピーカーは上位プラン限定です",
    "banner actual quota wording: 今月の生成上限に達しました。",
    "persona actual quota wording: 本日の生成上限（3回）に達しました",
    "seo actual quota wording: ゲストは1回まで作成できます。ログインす",
    "seo actual quota wording: 今月の生成回数の上限に達しました（3回/",
    "adimage actual quota wording: プロプランは月150枚までです（今月15",
    "adimage actual quota wording: 無料プランは1日5枚までです（本日5枚）",
    "hr actual quota wording: AI機能の月間利用回数（50回）に達して",
    "doyalist actual quota wording: 現在のプランではプロジェクトを作成できま",
    "doyalist actual quota wording: 月間上限（100社）を超えます。残り5社",
    "cunning actual quota wording: 今月の利用時間の上限（30分）に達しまし",
    "doyaslide actual quota wording: 今月の生成枚数の上限（10枚）に達しまし",
    "quote actual quota wording: 無料プランでご利用いただける上限（3件）",
    "mensetsu actual quota wording: 今月の上限（30件）に達しました。来月1",
    "movie actual quota wording: 利用上限に達しました",
    "kintai actual quota wording: 従業員数が上限（10名）に達しています。",
    "shodan actual quota wording: 提案資料の生成はプロプランの機能です。プ",
    "interview actual quota wording: 今月の作成上限に達しました。",
    "billing-independent workspace cap offers cleanup",
    "AIO organization quota sends members to the owner",
    "Promane workspace quota sends invited members to the owner",
    "Quote, Mensetsu and Aishodan organization quotas send members to the owner",
    "public participant is directed to contract owner",
    "HR organization allowance directs owner to organization billing and member to owner",
    "SFA organization allowance directs members to owner and owner to plan",
    "Shodan organization members cannot buy an ineffective personal upgrade",
    "server quota action wins over LIGHT tier guesses without exposing arbitrary URLs",
    "Kintai employee cap directs non-contract admins to the owner",
    "Cunning pricing period agrees with the server monthly quota",
    "non-billing error stays non-billing: リクエストが多すぎます。しばら",
    "non-billing error stays non-billing: 現在の解析が完了してから、もう",
    "non-billing error stays non-billing: 接続の試行回数が上限に達しまし",
    "non-billing error stays non-billing: ファイルサイズが上限 (500",
    "non-billing error stays non-billing: アクセス権限がありません",
    "non-billing error stays non-billing: 今月の上限に達しました",
    "non-billing error stays non-billing: このサービスは提供を終了しまし",
    "non-billing error stays non-billing: APIの使用量制限に達しました",
    "provider safety ceilings do not show a paid upgrade",
    "interview upload quota keeps its own actionable error UI",
    "external APIs and successful JSON do not produce prompts; response bodies remain readable",
    "Request input and malformed/non-JSON errors retain original behavior"
  ]
}
