PASS hr: signIn failure recovers and retries a preserved safe destination
PASS hr: switch failure recovers and retries a preserved safe destination
PASS hr: repeated login clicks and stale failures are blocked
PASS hr: unmounted verification ignores API/JSON failure and aborts loading
PASS hr: route identity remounts its private or invitation state
PASS admin: signIn failure recovers and retries a preserved safe destination
PASS admin: switch failure recovers and retries a preserved safe destination
PASS admin: repeated login clicks and stale failures are blocked
PASS admin: unmounted verification ignores API/JSON failure and aborts loading
PASS admin: route identity remounts its private or invitation state
PASS HR: duplicate participation, restored history and old response cannot claim success
PASS HR: malformed success and network exceptions never show acceptance or raw details
PASS HR: successful participation schedules one redirect and unmount cancels it
PASS HR: expiry and unrelated permission failures cannot offer account switching
PASS HR: malformed invitation info never enables participation
AssertionError [ERR_ASSERTION]: The expression evaluated to a falsy value:

  assert.ok(retry)

    at /Users/mitsumori_katsuki/Code/09_Cursol/scripts/security-regression/verify-hr-admin-auth-recovery.cjs:72:276
    at async check (/Users/mitsumori_katsuki/Code/09_Cursol/scripts/security-regression/load-typescript.cjs:4:30)
    at async /Users/mitsumori_katsuki/Code/09_Cursol/scripts/security-regression/verify-hr-admin-auth-recovery.cjs:72:3 {
  generatedMessage: true,
  code: 'ERR_ASSERTION',
  actual: null,
  expected: true,
  operator: '==',
  diff: 'simple'
}
