PASS scan: actual page SDK failure recovers and retries with its encoded return destination
PASS scan: duplicates during API and SDK waiting are blocked
PASS scan: restored history rejects old API and JSON completions
PASS scan: old SDK failure cannot release a newer history-restored request
PASS scan: network and invalid success bodies recover without a false success
PASS scan: valid result preserves navigation and locks until leaving
PASS aio: actual page SDK failure recovers and retries with its encoded return destination
PASS aio: duplicates during API and SDK waiting are blocked
PASS aio: restored history rejects old API and JSON completions
PASS aio: old SDK failure cannot release a newer history-restored request
PASS aio: network and invalid success bodies recover without a false success
PASS aio: valid result preserves navigation and locks until leaving
PASS shodan: actual page SDK failure recovers and retries with its encoded return destination
PASS shodan: duplicates during API and SDK waiting are blocked
PASS shodan: restored history rejects old API and JSON completions
PASS shodan: old SDK failure cannot release a newer history-restored request
PASS shodan: network and invalid success bodies recover without a false success
PASS shodan: valid result preserves navigation and locks until leaving
AssertionError [ERR_ASSERTION]: Expected values to be strictly equal:
+ actual - expected

+ {
+   key: undefined,
+   props: {
+     children: '招待を受けて参加する',
+     className: 'w-full py-4 rounded-2xl bg-gradient-to-r from-purple-600 to-fuchsia-600 text-white font-black text-lg shadow-lg shadow-purple-500/30 hover:shadow-xl transition-all disabled:opacity-50',
+     disabled: false,
+     onClick: [AsyncFunction: accept]
+   },
+   type: 'button'
+ }
- null

    at /Users/mitsumori_katsuki/Code/09_Cursol/scripts/security-regression/verify-service-auth-recovery.cjs:37:278
    at async check (/Users/mitsumori_katsuki/Code/09_Cursol/scripts/security-regression/load-typescript.cjs:4:30)
    at async /Users/mitsumori_katsuki/Code/09_Cursol/scripts/security-regression/verify-service-auth-recovery.cjs:37:3 {
  generatedMessage: true,
  code: 'ERR_ASSERTION',
  actual: [Object],
  expected: null,
  operator: 'strictEqual',
  diff: 'simple'
}
